src/config/db.ts(4,16): error TS7016: Could not find a declaration file for module 'pg'. 'C:/Users/OLUWABUKOLA/Desktop/Backend Projects/backend-pedro-tech/node_modules/pg/esm/index.mjs' implicitly has an 'any' type.
  Try `npm i --save-dev @types/pg` if it exists or add a new declaration (.d.ts) file containing `declare module 'pg';`
